­ƒº¬ Iniciando pruebas del frontend en producci├│n...

1´©ÅÔâú Probando carga del frontend...
   Status: 200
   Content-Type: text/html; charset=utf-8
   Ô£à Frontend carga correctamente
   ÔÜá´©Å URL del backend no encontrada en el HTML

2´©ÅÔâú Probando conectividad frontend-backend...
   Status: 200
   CORS Headers: {
  'access-control-allow-origin': 'https://planix-frontend-production.up.railway.app',
  'access-control-allow-credentials': 'true'
}
   Ô£à Conectividad frontend-backend exitosa

3´©ÅÔâú Probando formulario de contacto...
   Status: 200
   Response: {"success":true,"message":"Mensaje enviado correctamente. Te contactaremos pronto.","data":{"timestamp":"2025-07-14T04:20:32.340Z","contactId":"contact_1752466832340"}}
   Ô£à Formulario de contacto funcionando

­ƒÄ» Resumen de pruebas del frontend completado

­ƒôè Estado general del deployment:
   ÔÇó Frontend: Ô£à Funcionando
   ÔÇó Backend: Ô£à Funcionando
   ÔÇó CORS: Ô£à Configurado
   ÔÇó Formulario: Ô£à Operativo

­ƒÜÇ ┬íDeployment exitoso! La aplicaci├│n est├í lista para producci├│n.
